#-----------------------------------------------------------
# Vivado v2019.1 (64-bit)
# SW Build 2552052 on Fri May 24 14:49:42 MDT 2019
# IP Build 2548770 on Fri May 24 18:01:18 MDT 2019
# Start of session at: Sun Oct  2 08:30:11 2022
# Process ID: 16724
# Current directory: C:/Users/arthu/rep_git_riscvnoc
# Command line: vivado.exe -gui_launcher_event rodinguilauncherevent2160 C:\Users\arthu\rep_git_riscvnoc\mrisc.xpr
# Log file: C:/Users/arthu/rep_git_riscvnoc/vivado.log
# Journal file: C:/Users/arthu/rep_git_riscvnoc\vivado.jou
#-----------------------------------------------------------
start_gui
open_project C:/Users/arthu/rep_git_riscvnoc/mrisc.xpr
update_module_reference {design_1_zcu104_0_0 design_1_zcu104_0_4 design_1_zcu104_1_2 design_1_zcu104_0_5 design_1_zcu104_1_3 design_1_zcu104_2_1 design_1_zcu104_3_1 design_1_zcu104_4_0 design_1_zcu104_5_1}
update_module_reference design_1_contador_ciclos_0_0
update_compile_order -fileset sources_1
reset_run synth_1
launch_runs impl_1 -to_step write_bitstream -jobs 12
wait_on_run impl_1
