Copyright 1986-2019 Xilinx, Inc. All Rights Reserved.
---------------------------------------------------------------------------------------------------
| Tool Version      : Vivado v.2019.1 (win64) Build 2552052 Fri May 24 14:49:42 MDT 2019
| Date              : Sun Sep 25 07:30:01 2022
| Host              : DESKTOP-1Q96SJ0 running 64-bit major release  (build 9200)
| Command           : report_clock_utilization -file design_1_wrapper_clock_utilization_routed.rpt
| Design            : design_1_wrapper
| Device            : xczu7ev-ffvc1156
| Speed File        : -2  PRODUCTION 1.25 05-09-2019
| Temperature Grade : E
| Design State      : Routed
---------------------------------------------------------------------------------------------------

Clock Utilization Report

Table of Contents
-----------------
1. Clock Primitive Utilization
2. Global Clock Resources
3. Global Clock Source Details
4. Clock Regions : Clock Primitives
5. Clock Regions : Load Primitives
6. Clock Regions : Global Clock Summary
7. Clock Regions : Routing Resource Utilization
8. Device Cell Placement Summary for Global Clock g0
9. Device Cell Placement Summary for Global Clock g1
10. Device Cell Placement Summary for Global Clock g2
11. Device Cell Placement Summary for Global Clock g3
12. Device Cell Placement Summary for Global Clock g4
13. Device Cell Placement Summary for Global Clock g5
14. Device Cell Placement Summary for Global Clock g6
15. Device Cell Placement Summary for Global Clock g7
16. Clock Region Cell Placement per Global Clock: Region X1Y1
17. Clock Region Cell Placement per Global Clock: Region X2Y1
18. Clock Region Cell Placement per Global Clock: Region X3Y1
19. Clock Region Cell Placement per Global Clock: Region X1Y2
20. Clock Region Cell Placement per Global Clock: Region X2Y2
21. Clock Region Cell Placement per Global Clock: Region X3Y2
22. Clock Region Cell Placement per Global Clock: Region X1Y3
23. Clock Region Cell Placement per Global Clock: Region X2Y3
24. Clock Region Cell Placement per Global Clock: Region X3Y3
25. Clock Region Cell Placement per Global Clock: Region X0Y4
26. Clock Region Cell Placement per Global Clock: Region X1Y4
27. Clock Region Cell Placement per Global Clock: Region X2Y4
28. Clock Region Cell Placement per Global Clock: Region X3Y4
29. Clock Region Cell Placement per Global Clock: Region X0Y5
30. Clock Region Cell Placement per Global Clock: Region X1Y5
31. Clock Region Cell Placement per Global Clock: Region X2Y5
32. Clock Region Cell Placement per Global Clock: Region X3Y5

1. Clock Primitive Utilization
------------------------------

+------------+------+-----------+-----+--------------+--------+
| Type       | Used | Available | LOC | Clock Region | Pblock |
+------------+------+-----------+-----+--------------+--------+
| BUFGCE     |    7 |       208 |   0 |            0 |      0 |
| BUFGCE_DIV |    0 |        32 |   0 |            0 |      0 |
| BUFGCTRL   |    0 |        64 |   0 |            0 |      0 |
| BUFG_GT    |    0 |       144 |   0 |            0 |      0 |
| MMCM       |    0 |         8 |   0 |            0 |      0 |
| PLL        |    0 |        16 |   0 |            0 |      0 |
+------------+------+-----------+-----+--------------+--------+


2. Global Clock Resources
-------------------------

+-----------+-----------+-----------------+------------+---------------+--------------+------+-------------------+-------------------+-------------+-----------------+--------------+----------+----------------------------------------------------------------------------------+--------------------------------------------------------------------------+
| Global Id | Source Id | Driver Type/Pin | Constraint | Site          | Clock Region | Root | Clock Delay Group | Load Clock Region | Clock Loads | Non-Clock Loads | Clock Period | Clock    | Driver Pin                                                                       | Net                                                                      |
+-----------+-----------+-----------------+------------+---------------+--------------+------+-------------------+-------------------+-------------+-----------------+--------------+----------+----------------------------------------------------------------------------------+--------------------------------------------------------------------------+
| g0        | src0      | BUFG_PS/O       | None       | BUFG_PS_X0Y95 | X1Y3         | X1Y3 |                   |                18 |       76104 |               0 |       10.000 | clk_pl_0 | design_1_i/zynq_ultra_ps_e_0/inst/buffer_pl_clk_0.PL_CLK_0_BUFG/O                | design_1_i/zynq_ultra_ps_e_0/inst/pl_clk0                                |
| g1        | src1      | BUFGCE/O        | None       | BUFGCE_X0Y97  | X0Y4         | X1Y3 | n/a               |                14 |           0 |            1486 |          n/a | n/a      | design_1_i/rst_ps8_0_100M/U0/ACTIVE_LOW_PR_OUT_DFF[0].FDRE_PER_N_bufg_place/O    | design_1_i/rst_ps8_0_100M/U0/peripheral_aresetn[0]                       |
| g2        | src2      | BUFGCE/O        | None       | BUFGCE_X1Y72  | X2Y3         | X2Y3 | n/a               |                 4 |           0 |            6309 |          n/a | n/a      | design_1_i/zcu104_2/inst/soc/bram/s_bramconfig_inst/slv_reg3_reg[0]_bufg_place/O | design_1_i/zcu104_2/inst/soc/bram/s_bramconfig_inst/slv_reg3_reg[0]_1[0] |
| g3        | src3      | BUFGCE/O        | None       | BUFGCE_X1Y98  | X2Y4         | X2Y4 | n/a               |                 7 |           0 |            9275 |          n/a | n/a      | design_1_i/zcu104_4/inst/soc/bram/s_bramconfig_inst/slv_reg3_reg[0]_bufg_place/O | design_1_i/zcu104_4/inst/soc/bram/s_bramconfig_inst/slv_reg3_reg[0]_1[0] |
| g4        | src4      | BUFGCE/O        | None       | BUFGCE_X1Y86  | X2Y3         | X2Y3 | n/a               |                 6 |           0 |            7787 |          n/a | n/a      | design_1_i/zcu104_5/inst/soc/bram/s_bramconfig_inst/slv_reg3_reg[0]_bufg_place/O | design_1_i/zcu104_5/inst/soc/bram/s_bramconfig_inst/slv_reg3_reg[0]_1[0] |
| g5        | src5      | BUFGCE/O        | None       | BUFGCE_X1Y140 | X2Y5         | X2Y5 | n/a               |                 4 |           0 |            6309 |          n/a | n/a      | design_1_i/zcu104_6/inst/soc/bram/s_bramconfig_inst/slv_reg3_reg[0]_bufg_place/O | design_1_i/zcu104_6/inst/soc/bram/s_bramconfig_inst/slv_reg3_reg[0]_1[0] |
| g6        | src6      | BUFGCE/O        | None       | BUFGCE_X1Y56  | X2Y2         | X2Y2 | n/a               |                 5 |           0 |            7787 |          n/a | n/a      | design_1_i/zcu104_7/inst/soc/bram/s_bramconfig_inst/slv_reg3_reg[0]_bufg_place/O | design_1_i/zcu104_7/inst/soc/bram/s_bramconfig_inst/slv_reg3_reg[0]_1[0] |
| g7        | src7      | BUFGCE/O        | None       | BUFGCE_X1Y50  | X2Y2         | X2Y2 | n/a               |                 4 |           0 |            6315 |          n/a | n/a      | design_1_i/zcu104_8/inst/soc/bram/s_bramconfig_inst/slv_reg3_reg[0]_bufg_place/O | design_1_i/zcu104_8/inst/soc/bram/s_bramconfig_inst/slv_reg3_reg[0]_1[0] |
+-----------+-----------+-----------------+------------+---------------+--------------+------+-------------------+-------------------+-------------+-----------------+--------------+----------+----------------------------------------------------------------------------------+--------------------------------------------------------------------------+
* Clock Loads column represents the clock pin loads (pin count)
** Non-Clock Loads column represents the non-clock pin loads (pin count)


3. Global Clock Source Details
------------------------------

+-----------+-----------+-----------------+------------+---------------+--------------+-------------+-----------------+---------------------+--------------+--------------------------------------------------------------------------------+----------------------------------------------------------------------------------------------+
| Source Id | Global Id | Driver Type/Pin | Constraint | Site          | Clock Region | Clock Loads | Non-Clock Loads | Source Clock Period | Source Clock | Driver Pin                                                                     | Net                                                                                          |
+-----------+-----------+-----------------+------------+---------------+--------------+-------------+-----------------+---------------------+--------------+--------------------------------------------------------------------------------+----------------------------------------------------------------------------------------------+
| src0      | g0        | PS8/PLCLK[0]    | None       | PS8_X0Y0      | X0Y1         |           1 |               0 |              10.000 | clk_pl_0     | design_1_i/zynq_ultra_ps_e_0/inst/PS8_i/PLCLK[0]                               | design_1_i/zynq_ultra_ps_e_0/inst/pl_clk_unbuffered[0]                                       |
| src1      | g1        | FDRE/Q          | None       | SLICE_X9Y243  | X0Y4         |           1 |               0 |                     |              | design_1_i/rst_ps8_0_100M/U0/ACTIVE_LOW_PR_OUT_DFF[0].FDRE_PER_N_bufg_rep/Q    | design_1_i/rst_ps8_0_100M/U0/peripheral_aresetn[0]_bufg_place_bufg_rep                       |
| src2      | g2        | FDRE/Q          | None       | SLICE_X48Y183 | X1Y3         |           1 |               0 |                     |              | design_1_i/zcu104_2/inst/soc/bram/s_bramconfig_inst/slv_reg3_reg[0]_bufg_rep/Q | design_1_i/zcu104_2/inst/soc/bram/s_bramconfig_inst/slv_reg3_reg[0]_1[0]_bufg_place_bufg_rep |
| src3      | g3        | FDRE/Q          | None       | SLICE_X48Y206 | X1Y3         |           1 |               0 |                     |              | design_1_i/zcu104_4/inst/soc/bram/s_bramconfig_inst/slv_reg3_reg[0]_bufg_rep/Q | design_1_i/zcu104_4/inst/soc/bram/s_bramconfig_inst/slv_reg3_reg[0]_1[0]_bufg_place_bufg_rep |
| src4      | g4        | FDRE/Q          | None       | SLICE_X48Y166 | X1Y2         |           1 |               0 |                     |              | design_1_i/zcu104_5/inst/soc/bram/s_bramconfig_inst/slv_reg3_reg[0]_bufg_rep/Q | design_1_i/zcu104_5/inst/soc/bram/s_bramconfig_inst/slv_reg3_reg[0]_1[0]_bufg_place_bufg_rep |
| src5      | g5        | FDRE/Q          | None       | SLICE_X48Y230 | X1Y3         |           1 |               0 |                     |              | design_1_i/zcu104_6/inst/soc/bram/s_bramconfig_inst/slv_reg3_reg[0]_bufg_rep/Q | design_1_i/zcu104_6/inst/soc/bram/s_bramconfig_inst/slv_reg3_reg[0]_1[0]_bufg_place_bufg_rep |
| src6      | g6        | FDRE/Q          | None       | SLICE_X48Y147 | X1Y2         |           1 |               0 |                     |              | design_1_i/zcu104_7/inst/soc/bram/s_bramconfig_inst/slv_reg3_reg[0]_bufg_rep/Q | design_1_i/zcu104_7/inst/soc/bram/s_bramconfig_inst/slv_reg3_reg[0]_1[0]_bufg_place_bufg_rep |
| src7      | g7        | FDRE/Q          | None       | SLICE_X48Y146 | X1Y2         |           1 |               0 |                     |              | design_1_i/zcu104_8/inst/soc/bram/s_bramconfig_inst/slv_reg3_reg[0]_bufg_rep/Q | design_1_i/zcu104_8/inst/soc/bram/s_bramconfig_inst/slv_reg3_reg[0]_1[0]_bufg_place_bufg_rep |
+-----------+-----------+-----------------+------------+---------------+--------------+-------------+-----------------+---------------------+--------------+--------------------------------------------------------------------------------+----------------------------------------------------------------------------------------------+
* Clock Loads column represents the clock pin loads (pin count)
** Non-Clock Loads column represents the non-clock pin loads (pin count)


4. Clock Regions : Clock Primitives
-----------------------------------

+-------------------+--------------+--------------+--------------+--------------+--------------+--------------+--------------+
|                   | Global Clock |    BUFGCE    |  BUFGCE_DIV  |   BUFGCTRL   |    BUFG_GT   |     MMCM     |      PLL     |
+-------------------+------+-------+------+-------+------+-------+------+-------+------+-------+------+-------+------+-------+
| Clock Region Name | Used | Avail | Used | Avail | Used | Avail | Used | Avail | Used | Avail | Used | Avail | Used | Avail |
+-------------------+------+-------+------+-------+------+-------+------+-------+------+-------+------+-------+------+-------+
| X0Y0              |    0 |     0 |    0 |     0 |    0 |     0 |    0 |     0 |    0 |     0 |    0 |     0 |    0 |     0 |
| X1Y0              |    0 |    24 |    0 |     0 |    0 |     0 |    0 |     0 |    0 |     0 |    0 |     0 |    0 |     0 |
| X2Y0              |    0 |    24 |    0 |    24 |    0 |     4 |    0 |     8 |    0 |     0 |    0 |     1 |    0 |     2 |
| X3Y0              |    0 |    24 |    0 |     0 |    0 |     0 |    0 |     0 |    0 |    24 |    0 |     0 |    0 |     0 |
| X0Y1              |   1* |     0 |    0 |     0 |    0 |     0 |    0 |     0 |    0 |     0 |    0 |     0 |    0 |     0 |
| X1Y1              |    2 |    24 |    0 |     0 |    0 |     0 |    0 |     0 |    0 |     0 |    0 |     0 |    0 |     0 |
| X2Y1              |    3 |    24 |    0 |    24 |    0 |     4 |    0 |     8 |    0 |     0 |    0 |     1 |    0 |     2 |
| X3Y1              |    3 |    24 |    0 |     0 |    0 |     0 |    0 |     0 |    0 |    24 |    0 |     0 |    0 |     0 |
| X0Y2              |    0 |     0 |    0 |     0 |    0 |     0 |    0 |     0 |    0 |     0 |    0 |     0 |    0 |     0 |
| X1Y2              |    2 |    24 |    0 |     0 |    0 |     0 |    0 |     0 |    0 |     0 |    0 |     0 |    0 |     0 |
| X2Y2              |    5 |    24 |    2 |    24 |    0 |     4 |    0 |     8 |    0 |     0 |    0 |     1 |    0 |     2 |
| X3Y2              |    5 |    24 |    0 |     0 |    0 |     0 |    0 |     0 |    0 |    24 |    0 |     0 |    0 |     0 |
| X0Y3              |    0 |     0 |    0 |     0 |    0 |     0 |    0 |     0 |    0 |     0 |    0 |     0 |    0 |     0 |
| X1Y3              |    5 |    24 |    0 |     0 |    0 |     0 |    0 |     0 |    0 |     0 |    0 |     0 |    0 |     0 |
| X2Y3              |    6 |    24 |    2 |    24 |    0 |     4 |    0 |     8 |    0 |     0 |    0 |     1 |    0 |     2 |
| X3Y3              |    5 |    24 |    0 |     0 |    0 |     0 |    0 |     0 |    0 |    24 |    0 |     0 |    0 |     0 |
| X0Y4              |    2 |    24 |    1 |    28 |    0 |     4 |    0 |     8 |    0 |     0 |    0 |     1 |    0 |     2 |
| X1Y4              |    4 |    24 |    0 |     0 |    0 |     0 |    0 |     0 |    0 |     0 |    0 |     0 |    0 |     0 |
| X2Y4              |    7 |    24 |    1 |    24 |    0 |     4 |    0 |     8 |    0 |     0 |    0 |     1 |    0 |     2 |
| X3Y4              |    5 |    24 |    0 |     4 |    0 |     0 |    0 |     0 |    0 |    24 |    0 |     0 |    0 |     0 |
| X0Y5              |    2 |    24 |    0 |    28 |    0 |     4 |    0 |     8 |    0 |     0 |    0 |     1 |    0 |     2 |
| X1Y5              |    2 |    24 |    0 |     0 |    0 |     0 |    0 |     0 |    0 |     0 |    0 |     0 |    0 |     0 |
| X2Y5              |    3 |    24 |    1 |    24 |    0 |     4 |    0 |     8 |    0 |     0 |    0 |     1 |    0 |     2 |
| X3Y5              |    2 |    24 |    0 |     4 |    0 |     0 |    0 |     0 |    0 |    24 |    0 |     0 |    0 |     0 |
+-------------------+------+-------+------+-------+------+-------+------+-------+------+-------+------+-------+------+-------+
* Global Clock column represents track count; while other columns represents cell counts


5. Clock Regions : Load Primitives
----------------------------------

+-------------------+------------------+------------------+------------------+------------------+------------------+------------------+------------------+------------------+
|                   |   Global Clock   |        FF        |      LUTRAM      |  Block RAM (18K) |       URAM       |        DSP       |        GT        |      HARD IP     |
+-------------------+--------+---------+--------+---------+--------+---------+--------+---------+--------+---------+--------+---------+--------+---------+--------+---------+
| Clock Region Name | Used   | Avail   | Used   | Avail   | Used   | Avail   | Used   | Avail   | Used   | Avail   | Used   | Avail   | Used   | Avail   | Used   | Avail   |
+-------------------+--------+---------+--------+---------+--------+---------+--------+---------+--------+---------+--------+---------+--------+---------+--------+---------+
| X0Y0              |      0 |       0 |      0 |       0 |      0 |       0 |      0 |       0 |      0 |       0 |      0 |       0 |      0 |       0 |      0 |       0 |
| X1Y0              |      0 |      24 |      0 |   17280 |      0 |    4320 |      0 |      24 |      0 |      16 |      0 |      96 |      0 |       0 |      0 |       0 |
| X2Y0              |      0 |      24 |      0 |   22080 |      0 |    5760 |      0 |      24 |      0 |       0 |      0 |     120 |      0 |       0 |      0 |       0 |
| X3Y0              |      0 |      24 |      0 |   22080 |      0 |    3360 |      0 |      48 |      0 |       0 |      0 |      48 |      0 |       4 |      0 |       1 |
| X0Y1              |     1* |       0 |      0 |       0 |      0 |       0 |      0 |       0 |      0 |       0 |      0 |       0 |      0 |       0 |      0 |       0 |
| X1Y1              |      2 |      24 |    527 |   17280 |     26 |    4320 |      0 |      24 |      0 |      16 |      0 |      96 |      0 |       0 |      0 |       0 |
| X2Y1              |      3 |      24 |   1962 |   22080 |      0 |    5760 |      8 |      24 |      0 |       0 |      2 |     120 |      0 |       0 |      0 |       0 |
| X3Y1              |      3 |      24 |   2805 |   22080 |      0 |    3360 |     22 |      48 |      0 |       0 |      0 |      48 |      0 |       4 |      0 |       1 |
| X0Y2              |      0 |       0 |      0 |       0 |      0 |       0 |      0 |       0 |      0 |       0 |      0 |       0 |      0 |       0 |      0 |       0 |
| X1Y2              |      2 |      24 |    110 |   17280 |     51 |    4320 |      0 |      24 |      0 |      16 |      0 |      96 |      0 |       0 |      0 |       0 |
| X2Y2              |      5 |      24 |   7030 |   22080 |      0 |    5760 |     20 |      24 |      0 |       0 |      3 |     120 |      0 |       0 |      0 |       0 |
| X3Y2              |      5 |      24 |   5681 |   22080 |      0 |    3360 |     22 |      48 |      0 |       0 |      1 |      48 |      0 |       4 |      0 |       0 |
| X0Y3              |      0 |       0 |      0 |       0 |      0 |       0 |      0 |       0 |      0 |       0 |      0 |       0 |      0 |       0 |      0 |       0 |
| X1Y3              |      5 |      24 |   2910 |   17280 |      0 |    4320 |      8 |      24 |      0 |      16 |      0 |      96 |      0 |       0 |      0 |       0 |
| X2Y3              |      6 |      24 |   8021 |   22080 |      0 |    5760 |      8 |      24 |      0 |       0 |      0 |     120 |      0 |       0 |      0 |       0 |
| X3Y3              |      5 |      24 |   4521 |   22080 |      0 |    3360 |     20 |      48 |      0 |       0 |      0 |      48 |      0 |       4 |      0 |       0 |
| X0Y4              |      2 |      24 |   4306 |   40320 |      1 |    9120 |     16 |      24 |      0 |       0 |      0 |      48 |      0 |       0 |      0 |       0 |
| X1Y4              |      4 |      24 |   8460 |   23040 |      0 |    5760 |     12 |      24 |      0 |      16 |      0 |     120 |      0 |       0 |      0 |       0 |
| X2Y4              |      7 |      24 |   7365 |   22080 |      0 |    5760 |     12 |      24 |      0 |       0 |      2 |     120 |      0 |       0 |      0 |       0 |
| X3Y4              |      5 |      24 |   5245 |   22080 |      0 |    3360 |     20 |      48 |      0 |       0 |      0 |      48 |      0 |       4 |      0 |       0 |
| X0Y5              |      2 |      24 |   2691 |   40320 |      0 |    9120 |     16 |      24 |      0 |       0 |      0 |      48 |      0 |       0 |      0 |       0 |
| X1Y5              |      2 |      24 |   6796 |   23040 |      0 |    5760 |     20 |      24 |      0 |      16 |      2 |     120 |      0 |       0 |      0 |       0 |
| X2Y5              |      3 |      24 |   3578 |   22080 |      0 |    5760 |      0 |      24 |      0 |       0 |      0 |     120 |      0 |       0 |      0 |       0 |
| X3Y5              |      2 |      24 |   3735 |   22080 |      0 |    3360 |     12 |      48 |      0 |       0 |      2 |      48 |      0 |       4 |      0 |       0 |
+-------------------+--------+---------+--------+---------+--------+---------+--------+---------+--------+---------+--------+---------+--------+---------+--------+---------+
* Global Clock column represents track count; while other columns represents cell counts


6. Clock Regions : Global Clock Summary
---------------------------------------

All Modules
+----+----+----+----+----+
|    | X0 | X1 | X2 | X3 |
+----+----+----+----+----+
| Y5 |  2 |  2 |  3 |  2 |
| Y4 |  2 |  4 |  7 |  5 |
| Y3 |  0 |  5 |  6 |  5 |
| Y2 |  0 |  2 |  5 |  5 |
| Y1 |  0 |  2 |  3 |  3 |
| Y0 |  0 |  0 |  0 |  0 |
+----+----+----+----+----+


7. Clock Regions : Routing Resource Utilization
-----------------------------------------------

All Modules
+-------------------+----------------------+----------------------+----------------------+----------------------+
|                   |        HROUTES       |        HDISTRS       |        VROUTES       |        VDISTRS       |
+-------------------+------+-------+-------+------+-------+-------+------+-------+-------+------+-------+-------+
| Clock Region Name | Used | Avail | Util% | Used | Avail | Util% | Used | Avail | Util% | Used | Avail | Util% |
+-------------------+------+-------+-------+------+-------+-------+------+-------+-------+------+-------+-------+
| X0Y0              |    0 |     0 |  0.00 |    0 |     0 |  0.00 |    0 |     0 |  0.00 |    0 |     0 |  0.00 |
| X1Y0              |    0 |    24 |  0.00 |    0 |    24 |  0.00 |    0 |    24 |  0.00 |    0 |    24 |  0.00 |
| X2Y0              |    0 |    24 |  0.00 |    0 |    24 |  0.00 |    0 |    24 |  0.00 |    0 |    24 |  0.00 |
| X3Y0              |    0 |    24 |  0.00 |    0 |    24 |  0.00 |    0 |    24 |  0.00 |    0 |    24 |  0.00 |
| X0Y1              |    0 |     0 |  0.00 |    0 |     0 |  0.00 |    0 |     0 |  0.00 |    0 |     0 |  0.00 |
| X1Y1              |    0 |    24 |  0.00 |    2 |    24 |  8.33 |    0 |    24 |  0.00 |    2 |    24 |  8.33 |
| X2Y1              |    0 |    24 |  0.00 |    3 |    24 | 12.50 |    0 |    24 |  0.00 |    1 |    24 |  4.17 |
| X3Y1              |    0 |    24 |  0.00 |    3 |    24 | 12.50 |    0 |    24 |  0.00 |    0 |    24 |  0.00 |
| X0Y2              |    0 |     0 |  0.00 |    0 |     0 |  0.00 |    0 |     0 |  0.00 |    0 |     0 |  0.00 |
| X1Y2              |    0 |    24 |  0.00 |    2 |    24 |  8.33 |    0 |    24 |  0.00 |    2 |    24 |  8.33 |
| X2Y2              |    0 |    24 |  0.00 |    5 |    24 | 20.83 |    0 |    24 |  0.00 |    3 |    24 | 12.50 |
| X3Y2              |    0 |    24 |  0.00 |    5 |    24 | 20.83 |    0 |    24 |  0.00 |    0 |    24 |  0.00 |
| X0Y3              |    0 |     0 |  0.00 |    0 |     0 |  0.00 |    0 |     0 |  0.00 |    0 |     0 |  0.00 |
| X1Y3              |    1 |    24 |  4.17 |    5 |    24 | 20.83 |    1 |    24 |  4.17 |    2 |    24 |  8.33 |
| X2Y3              |    0 |    24 |  0.00 |    6 |    24 | 25.00 |    0 |    24 |  0.00 |    4 |    24 | 16.67 |
| X3Y3              |    0 |    24 |  0.00 |    5 |    24 | 20.83 |    0 |    24 |  0.00 |    0 |    24 |  0.00 |
| X0Y4              |    1 |    24 |  4.17 |    2 |    24 |  8.33 |    0 |    24 |  0.00 |    0 |    24 |  0.00 |
| X1Y4              |    1 |    24 |  4.17 |    4 |    24 | 16.67 |    1 |    24 |  4.17 |    2 |    24 |  8.33 |
| X2Y4              |    0 |    24 |  0.00 |    7 |    24 | 29.17 |    0 |    24 |  0.00 |    2 |    24 |  8.33 |
| X3Y4              |    0 |    24 |  0.00 |    5 |    24 | 20.83 |    0 |    24 |  0.00 |    0 |    24 |  0.00 |
| X0Y5              |    0 |    24 |  0.00 |    2 |    24 |  8.33 |    0 |    24 |  0.00 |    0 |    24 |  0.00 |
| X1Y5              |    0 |    24 |  0.00 |    2 |    24 |  8.33 |    0 |    24 |  0.00 |    0 |    24 |  0.00 |
| X2Y5              |    0 |    24 |  0.00 |    3 |    24 | 12.50 |    0 |    24 |  0.00 |    1 |    24 |  4.17 |
| X3Y5              |    0 |    24 |  0.00 |    2 |    24 |  8.33 |    0 |    24 |  0.00 |    0 |    24 |  0.00 |
+-------------------+------+-------+-------+------+-------+-------+------+-------+-------+------+-------+-------+


8. Device Cell Placement Summary for Global Clock g0
----------------------------------------------------

+-----------+-----------------+-------------------+----------+-------------+---------------+----------+-------------+----------+----------------+----------+-------------------------------------------+
| Global Id | Driver Type/Pin | Driver Region (D) | Clock    | Period (ns) | Waveform (ns) | Root (R) | Slice Loads | IO Loads | Clocking Loads | GT Loads | Net                                       |
+-----------+-----------------+-------------------+----------+-------------+---------------+----------+-------------+----------+----------------+----------+-------------------------------------------+
| g0        | BUFG_PS/O       | X1Y3              | clk_pl_0 |      10.000 | {0.000 5.000} | X1Y3     |       75942 |        0 |              0 |        0 | design_1_i/zynq_ultra_ps_e_0/inst/pl_clk0 |
+-----------+-----------------+-------------------+----------+-------------+---------------+----------+-------------+----------+----------------+----------+-------------------------------------------+
* Slice Loads column represents load cell count of all cell types other than IO, GT and clock resources
** IO Loads column represents load cell count of IO types
*** Clocking Loads column represents load cell count that are clock resources (global clock buffer, MMCM, PLL, etc)
**** GT Loads column represents load cell count of GT types


+----+-------+--------------+-------+-------+
|    | X0    | X1           | X2    | X3    |
+----+-------+--------------+-------+-------+
| Y5 |  2699 |         6808 |  3578 |  3743 |
| Y4 |  4315 |         8466 |  7373 |  5255 |
| Y3 |     0 | (R) (D) 2914 |  8025 |  4531 |
| Y2 |     0 |          161 |  7043 |  5693 |
| Y1 |     1 |          553 |  1968 |  2816 |
| Y0 |     0 |            0 |     0 |     0 |
+----+-------+--------------+-------+-------+


9. Device Cell Placement Summary for Global Clock g1
----------------------------------------------------

+-----------+-----------------+-------------------+-------+-------------+---------------+----------+-------------+----------+----------------+----------+----------------------------------------------------+
| Global Id | Driver Type/Pin | Driver Region (D) | Clock | Period (ns) | Waveform (ns) | Root (R) | Slice Loads | IO Loads | Clocking Loads | GT Loads | Net                                                |
+-----------+-----------------+-------------------+-------+-------------+---------------+----------+-------------+----------+----------------+----------+----------------------------------------------------+
| g1        | BUFGCE/O        | X0Y4              |       |             |               | X1Y3     |        1486 |        0 |              0 |        0 | design_1_i/rst_ps8_0_100M/U0/peripheral_aresetn[0] |
+-----------+-----------------+-------------------+-------+-------------+---------------+----------+-------------+----------+----------------+----------+----------------------------------------------------+
* Slice Loads column represents load cell count of all cell types other than IO, GT and clock resources
** IO Loads column represents load cell count of IO types
*** Clocking Loads column represents load cell count that are clock resources (global clock buffer, MMCM, PLL, etc)
**** GT Loads column represents load cell count of GT types


+----+---------+--------+-----+------+
|    | X0      | X1     | X2  | X3   |
+----+---------+--------+-----+------+
| Y5 |      80 |     36 |   0 |    0 |
| Y4 |  (D) 84 |     69 |  14 |  330 |
| Y3 |       0 | (R) 90 |   9 |  255 |
| Y2 |       0 |      3 |  66 |  346 |
| Y1 |       0 |      2 |   0 |  102 |
| Y0 |       0 |      0 |   0 |    0 |
+----+---------+--------+-----+------+


10. Device Cell Placement Summary for Global Clock g2
-----------------------------------------------------

+-----------+-----------------+-------------------+-------+-------------+---------------+----------+-------------+----------+----------------+----------+--------------------------------------------------------------------------+
| Global Id | Driver Type/Pin | Driver Region (D) | Clock | Period (ns) | Waveform (ns) | Root (R) | Slice Loads | IO Loads | Clocking Loads | GT Loads | Net                                                                      |
+-----------+-----------------+-------------------+-------+-------------+---------------+----------+-------------+----------+----------------+----------+--------------------------------------------------------------------------+
| g2        | BUFGCE/O        | X2Y3              |       |             |               | X2Y3     |        6309 |        0 |              0 |        0 | design_1_i/zcu104_2/inst/soc/bram/s_bramconfig_inst/slv_reg3_reg[0]_1[0] |
+-----------+-----------------+-------------------+-------+-------------+---------------+----------+-------------+----------+----------------+----------+--------------------------------------------------------------------------+
* Slice Loads column represents load cell count of all cell types other than IO, GT and clock resources
** IO Loads column represents load cell count of IO types
*** Clocking Loads column represents load cell count that are clock resources (global clock buffer, MMCM, PLL, etc)
**** GT Loads column represents load cell count of GT types


+----+----+-------+--------------+----+
|    | X0 | X1    | X2           | X3 |
+----+----+-------+--------------+----+
| Y5 |  0 |     0 |            0 |  0 |
| Y4 |  0 |    57 |         2366 |  0 |
| Y3 |  0 |  1035 | (R) (D) 2851 |  0 |
| Y2 |  0 |     0 |            0 |  0 |
| Y1 |  0 |     0 |            0 |  0 |
| Y0 |  0 |     0 |            0 |  0 |
+----+----+-------+--------------+----+


11. Device Cell Placement Summary for Global Clock g3
-----------------------------------------------------

+-----------+-----------------+-------------------+-------+-------------+---------------+----------+-------------+----------+----------------+----------+--------------------------------------------------------------------------+
| Global Id | Driver Type/Pin | Driver Region (D) | Clock | Period (ns) | Waveform (ns) | Root (R) | Slice Loads | IO Loads | Clocking Loads | GT Loads | Net                                                                      |
+-----------+-----------------+-------------------+-------+-------------+---------------+----------+-------------+----------+----------------+----------+--------------------------------------------------------------------------+
| g3        | BUFGCE/O        | X2Y4              |       |             |               | X2Y4     |        9275 |        0 |              0 |        0 | design_1_i/zcu104_4/inst/soc/bram/s_bramconfig_inst/slv_reg3_reg[0]_1[0] |
+-----------+-----------------+-------------------+-------+-------------+---------------+----------+-------------+----------+----------------+----------+--------------------------------------------------------------------------+
* Slice Loads column represents load cell count of all cell types other than IO, GT and clock resources
** IO Loads column represents load cell count of IO types
*** Clocking Loads column represents load cell count that are clock resources (global clock buffer, MMCM, PLL, etc)
**** GT Loads column represents load cell count of GT types


+----+----+------+--------------+-------+
|    | X0 | X1   | X2           | X3    |
+----+----+------+--------------+-------+
| Y5 |  0 |    0 |          104 |     0 |
| Y4 |  0 |  216 | (R) (D) 4089 |  3370 |
| Y3 |  0 |    8 |          618 |   870 |
| Y2 |  0 |    0 |            0 |     0 |
| Y1 |  0 |    0 |            0 |     0 |
| Y0 |  0 |    0 |            0 |     0 |
+----+----+------+--------------+-------+


12. Device Cell Placement Summary for Global Clock g4
-----------------------------------------------------

+-----------+-----------------+-------------------+-------+-------------+---------------+----------+-------------+----------+----------------+----------+--------------------------------------------------------------------------+
| Global Id | Driver Type/Pin | Driver Region (D) | Clock | Period (ns) | Waveform (ns) | Root (R) | Slice Loads | IO Loads | Clocking Loads | GT Loads | Net                                                                      |
+-----------+-----------------+-------------------+-------+-------------+---------------+----------+-------------+----------+----------------+----------+--------------------------------------------------------------------------+
| g4        | BUFGCE/O        | X2Y3              |       |             |               | X2Y3     |        7787 |        0 |              0 |        0 | design_1_i/zcu104_5/inst/soc/bram/s_bramconfig_inst/slv_reg3_reg[0]_1[0] |
+-----------+-----------------+-------------------+-------+-------------+---------------+----------+-------------+----------+----------------+----------+--------------------------------------------------------------------------+
* Slice Loads column represents load cell count of all cell types other than IO, GT and clock resources
** IO Loads column represents load cell count of IO types
*** Clocking Loads column represents load cell count that are clock resources (global clock buffer, MMCM, PLL, etc)
**** GT Loads column represents load cell count of GT types


+----+----+------+--------------+------+
|    | X0 | X1   | X2           | X3   |
+----+----+------+--------------+------+
| Y5 |  0 |    0 |            0 |    0 |
| Y4 |  0 |    0 |           52 |    0 |
| Y3 |  0 |  461 | (R) (D) 2766 |    8 |
| Y2 |  0 |    0 |         4174 |  326 |
| Y1 |  0 |    0 |            0 |    0 |
| Y0 |  0 |    0 |            0 |    0 |
+----+----+------+--------------+------+


13. Device Cell Placement Summary for Global Clock g5
-----------------------------------------------------

+-----------+-----------------+-------------------+-------+-------------+---------------+----------+-------------+----------+----------------+----------+--------------------------------------------------------------------------+
| Global Id | Driver Type/Pin | Driver Region (D) | Clock | Period (ns) | Waveform (ns) | Root (R) | Slice Loads | IO Loads | Clocking Loads | GT Loads | Net                                                                      |
+-----------+-----------------+-------------------+-------+-------------+---------------+----------+-------------+----------+----------------+----------+--------------------------------------------------------------------------+
| g5        | BUFGCE/O        | X2Y5              |       |             |               | X2Y5     |        6309 |        0 |              0 |        0 | design_1_i/zcu104_6/inst/soc/bram/s_bramconfig_inst/slv_reg3_reg[0]_1[0] |
+-----------+-----------------+-------------------+-------+-------------+---------------+----------+-------------+----------+----------------+----------+--------------------------------------------------------------------------+
* Slice Loads column represents load cell count of all cell types other than IO, GT and clock resources
** IO Loads column represents load cell count of IO types
*** Clocking Loads column represents load cell count that are clock resources (global clock buffer, MMCM, PLL, etc)
**** GT Loads column represents load cell count of GT types


+----+----+----+--------------+-------+
|    | X0 | X1 | X2           | X3    |
+----+----+----+--------------+-------+
| Y5 |  0 |  0 | (R) (D) 2225 |  3154 |
| Y4 |  0 |  0 |           40 |   890 |
| Y3 |  0 |  0 |            0 |     0 |
| Y2 |  0 |  0 |            0 |     0 |
| Y1 |  0 |  0 |            0 |     0 |
| Y0 |  0 |  0 |            0 |     0 |
+----+----+----+--------------+-------+


14. Device Cell Placement Summary for Global Clock g6
-----------------------------------------------------

+-----------+-----------------+-------------------+-------+-------------+---------------+----------+-------------+----------+----------------+----------+--------------------------------------------------------------------------+
| Global Id | Driver Type/Pin | Driver Region (D) | Clock | Period (ns) | Waveform (ns) | Root (R) | Slice Loads | IO Loads | Clocking Loads | GT Loads | Net                                                                      |
+-----------+-----------------+-------------------+-------+-------------+---------------+----------+-------------+----------+----------------+----------+--------------------------------------------------------------------------+
| g6        | BUFGCE/O        | X2Y2              |       |             |               | X2Y2     |        7787 |        0 |              0 |        0 | design_1_i/zcu104_7/inst/soc/bram/s_bramconfig_inst/slv_reg3_reg[0]_1[0] |
+-----------+-----------------+-------------------+-------+-------------+---------------+----------+-------------+----------+----------------+----------+--------------------------------------------------------------------------+
* Slice Loads column represents load cell count of all cell types other than IO, GT and clock resources
** IO Loads column represents load cell count of IO types
*** Clocking Loads column represents load cell count that are clock resources (global clock buffer, MMCM, PLL, etc)
**** GT Loads column represents load cell count of GT types


+----+----+----+-------------+-------+
|    | X0 | X1 | X2          | X3    |
+----+----+----+-------------+-------+
| Y5 |  0 |  0 |           0 |     0 |
| Y4 |  0 |  0 |           0 |   259 |
| Y3 |  0 |  0 |         878 |  2912 |
| Y2 |  0 |  0 | (R) (D) 313 |  3425 |
| Y1 |  0 |  0 |           0 |     0 |
| Y0 |  0 |  0 |           0 |     0 |
+----+----+----+-------------+-------+


15. Device Cell Placement Summary for Global Clock g7
-----------------------------------------------------

+-----------+-----------------+-------------------+-------+-------------+---------------+----------+-------------+----------+----------------+----------+--------------------------------------------------------------------------+
| Global Id | Driver Type/Pin | Driver Region (D) | Clock | Period (ns) | Waveform (ns) | Root (R) | Slice Loads | IO Loads | Clocking Loads | GT Loads | Net                                                                      |
+-----------+-----------------+-------------------+-------+-------------+---------------+----------+-------------+----------+----------------+----------+--------------------------------------------------------------------------+
| g7        | BUFGCE/O        | X2Y2              |       |             |               | X2Y2     |        6315 |        0 |              0 |        0 | design_1_i/zcu104_8/inst/soc/bram/s_bramconfig_inst/slv_reg3_reg[0]_1[0] |
+-----------+-----------------+-------------------+-------+-------------+---------------+----------+-------------+----------+----------------+----------+--------------------------------------------------------------------------+
* Slice Loads column represents load cell count of all cell types other than IO, GT and clock resources
** IO Loads column represents load cell count of IO types
*** Clocking Loads column represents load cell count that are clock resources (global clock buffer, MMCM, PLL, etc)
**** GT Loads column represents load cell count of GT types


+----+----+----+--------------+-------+
|    | X0 | X1 | X2           | X3    |
+----+----+----+--------------+-------+
| Y5 |  0 |  0 |            0 |     0 |
| Y4 |  0 |  0 |            0 |     0 |
| Y3 |  0 |  0 |            0 |     0 |
| Y2 |  0 |  0 | (R) (D) 1727 |   706 |
| Y1 |  0 |  0 |         1803 |  2079 |
| Y0 |  0 |  0 |            0 |     0 |
+----+----+----+--------------+-------+


16. Clock Region Cell Placement per Global Clock: Region X1Y1
-------------------------------------------------------------

+-----------+-------+-----------------+------------+-------------+-----------------+-----+--------+------+------+-----+----+------+-----+---------+----------------------------------------------------+
| Global Id | Track | Driver Type/Pin | Constraint | Clock Loads | Non-Clock Loads | FF  | LUTRAM | RAMB | URAM | DSP | GT | MMCM | PLL | Hard IP | Net                                                |
+-----------+-------+-----------------+------------+-------------+-----------------+-----+--------+------+------+-----+----+------+-----+---------+----------------------------------------------------+
| g0        | 23    | BUFG_PS/O       | None       |         553 |               0 | 527 |     26 |    0 |    0 |   0 |  0 |    0 |   0 |       0 | design_1_i/zynq_ultra_ps_e_0/inst/pl_clk0          |
| g1        | 1     | BUFGCE/O        | None       |           0 |               2 |   2 |      0 |    0 |    0 |   0 |  0 |    0 |   0 |       0 | design_1_i/rst_ps8_0_100M/U0/peripheral_aresetn[0] |
+-----------+-------+-----------------+------------+-------------+-----------------+-----+--------+------+------+-----+----+------+-----+---------+----------------------------------------------------+
* Clock Loads column represents the clock pin loads (pin count)
** Non-Clock Loads column represents the non-clock pin loads (pin count)
*** Columns FF, LUTRAM, RAMB through 'Hard IP' represents load cell counts


17. Clock Region Cell Placement per Global Clock: Region X2Y1
-------------------------------------------------------------

+-----------+-------+-----------------+------------+-------------+-----------------+------+--------+------+------+-----+----+------+-----+---------+--------------------------------------------------------------------------+
| Global Id | Track | Driver Type/Pin | Constraint | Clock Loads | Non-Clock Loads | FF   | LUTRAM | RAMB | URAM | DSP | GT | MMCM | PLL | Hard IP | Net                                                                      |
+-----------+-------+-----------------+------------+-------------+-----------------+------+--------+------+------+-----+----+------+-----+---------+--------------------------------------------------------------------------+
| g0        | 23    | BUFG_PS/O       | None       |        1968 |               0 | 1962 |      0 |    4 |    0 |   2 |  0 |    0 |   0 |       0 | design_1_i/zynq_ultra_ps_e_0/inst/pl_clk0                                |
| g1+       | 1     | BUFGCE/O        | None       |           0 |               0 |    0 |      0 |    0 |    0 |   0 |  0 |    0 |   0 |       0 | design_1_i/rst_ps8_0_100M/U0/peripheral_aresetn[0]                       |
| g7        | 2     | BUFGCE/O        | None       |           0 |            1803 | 1803 |      0 |    0 |    0 |   0 |  0 |    0 |   0 |       0 | design_1_i/zcu104_8/inst/soc/bram/s_bramconfig_inst/slv_reg3_reg[0]_1[0] |
+-----------+-------+-----------------+------------+-------------+-----------------+------+--------+------+------+-----+----+------+-----+---------+--------------------------------------------------------------------------+
* Clock Loads column represents the clock pin loads (pin count)
** Non-Clock Loads column represents the non-clock pin loads (pin count)
*** Columns FF, LUTRAM, RAMB through 'Hard IP' represents load cell counts
**** In Global Id column, sympbol '+' indicates that global clock was used only to route through the clock region.


18. Clock Region Cell Placement per Global Clock: Region X3Y1
-------------------------------------------------------------

+-----------+-------+-----------------+------------+-------------+-----------------+------+--------+------+------+-----+----+------+-----+---------+--------------------------------------------------------------------------+
| Global Id | Track | Driver Type/Pin | Constraint | Clock Loads | Non-Clock Loads | FF   | LUTRAM | RAMB | URAM | DSP | GT | MMCM | PLL | Hard IP | Net                                                                      |
+-----------+-------+-----------------+------------+-------------+-----------------+------+--------+------+------+-----+----+------+-----+---------+--------------------------------------------------------------------------+
| g0        | 23    | BUFG_PS/O       | None       |        2816 |               0 | 2805 |      0 |   11 |    0 |   0 |  0 |    0 |   0 |       0 | design_1_i/zynq_ultra_ps_e_0/inst/pl_clk0                                |
| g1        | 1     | BUFGCE/O        | None       |           0 |             102 |  102 |      0 |    0 |    0 |   0 |  0 |    0 |   0 |       0 | design_1_i/rst_ps8_0_100M/U0/peripheral_aresetn[0]                       |
| g7        | 2     | BUFGCE/O        | None       |           0 |            2079 | 2079 |      0 |    0 |    0 |   0 |  0 |    0 |   0 |       0 | design_1_i/zcu104_8/inst/soc/bram/s_bramconfig_inst/slv_reg3_reg[0]_1[0] |
+-----------+-------+-----------------+------------+-------------+-----------------+------+--------+------+------+-----+----+------+-----+---------+--------------------------------------------------------------------------+
* Clock Loads column represents the clock pin loads (pin count)
** Non-Clock Loads column represents the non-clock pin loads (pin count)
*** Columns FF, LUTRAM, RAMB through 'Hard IP' represents load cell counts


19. Clock Region Cell Placement per Global Clock: Region X1Y2
-------------------------------------------------------------

+-----------+-------+-----------------+------------+-------------+-----------------+-----+--------+------+------+-----+----+------+-----+---------+----------------------------------------------------+
| Global Id | Track | Driver Type/Pin | Constraint | Clock Loads | Non-Clock Loads | FF  | LUTRAM | RAMB | URAM | DSP | GT | MMCM | PLL | Hard IP | Net                                                |
+-----------+-------+-----------------+------------+-------------+-----------------+-----+--------+------+------+-----+----+------+-----+---------+----------------------------------------------------+
| g0        | 23    | BUFG_PS/O       | None       |         161 |               0 | 110 |     51 |    0 |    0 |   0 |  0 |    0 |   0 |       0 | design_1_i/zynq_ultra_ps_e_0/inst/pl_clk0          |
| g1        | 1     | BUFGCE/O        | None       |           0 |               3 |   3 |      0 |    0 |    0 |   0 |  0 |    0 |   0 |       0 | design_1_i/rst_ps8_0_100M/U0/peripheral_aresetn[0] |
+-----------+-------+-----------------+------------+-------------+-----------------+-----+--------+------+------+-----+----+------+-----+---------+----------------------------------------------------+
* Clock Loads column represents the clock pin loads (pin count)
** Non-Clock Loads column represents the non-clock pin loads (pin count)
*** Columns FF, LUTRAM, RAMB through 'Hard IP' represents load cell counts


20. Clock Region Cell Placement per Global Clock: Region X2Y2
-------------------------------------------------------------

+-----------+-------+-----------------+------------+-------------+-----------------+------+--------+------+------+-----+----+------+-----+---------+--------------------------------------------------------------------------+
| Global Id | Track | Driver Type/Pin | Constraint | Clock Loads | Non-Clock Loads | FF   | LUTRAM | RAMB | URAM | DSP | GT | MMCM | PLL | Hard IP | Net                                                                      |
+-----------+-------+-----------------+------------+-------------+-----------------+------+--------+------+------+-----+----+------+-----+---------+--------------------------------------------------------------------------+
| g0        | 23    | BUFG_PS/O       | None       |        7043 |               0 | 7030 |      0 |   10 |    0 |   3 |  0 |    0 |   0 |       0 | design_1_i/zynq_ultra_ps_e_0/inst/pl_clk0                                |
| g1        | 1     | BUFGCE/O        | None       |           0 |              66 |   66 |      0 |    0 |    0 |   0 |  0 |    0 |   0 |       0 | design_1_i/rst_ps8_0_100M/U0/peripheral_aresetn[0]                       |
| g4        | 14    | BUFGCE/O        | None       |           0 |            4174 | 4174 |      0 |    0 |    0 |   0 |  0 |    0 |   0 |       0 | design_1_i/zcu104_5/inst/soc/bram/s_bramconfig_inst/slv_reg3_reg[0]_1[0] |
| g6        | 8     | BUFGCE/O        | None       |           0 |             313 |  313 |      0 |    0 |    0 |   0 |  0 |    0 |   0 |       0 | design_1_i/zcu104_7/inst/soc/bram/s_bramconfig_inst/slv_reg3_reg[0]_1[0] |
| g7        | 2     | BUFGCE/O        | None       |           0 |            1727 | 1727 |      0 |    0 |    0 |   0 |  0 |    0 |   0 |       0 | design_1_i/zcu104_8/inst/soc/bram/s_bramconfig_inst/slv_reg3_reg[0]_1[0] |
+-----------+-------+-----------------+------------+-------------+-----------------+------+--------+------+------+-----+----+------+-----+---------+--------------------------------------------------------------------------+
* Clock Loads column represents the clock pin loads (pin count)
** Non-Clock Loads column represents the non-clock pin loads (pin count)
*** Columns FF, LUTRAM, RAMB through 'Hard IP' represents load cell counts


21. Clock Region Cell Placement per Global Clock: Region X3Y2
-------------------------------------------------------------

+-----------+-------+-----------------+------------+-------------+-----------------+------+--------+------+------+-----+----+------+-----+---------+--------------------------------------------------------------------------+
| Global Id | Track | Driver Type/Pin | Constraint | Clock Loads | Non-Clock Loads | FF   | LUTRAM | RAMB | URAM | DSP | GT | MMCM | PLL | Hard IP | Net                                                                      |
+-----------+-------+-----------------+------------+-------------+-----------------+------+--------+------+------+-----+----+------+-----+---------+--------------------------------------------------------------------------+
| g0        | 23    | BUFG_PS/O       | None       |        5693 |               0 | 5681 |      0 |   11 |    0 |   1 |  0 |    0 |   0 |       0 | design_1_i/zynq_ultra_ps_e_0/inst/pl_clk0                                |
| g1        | 1     | BUFGCE/O        | None       |           0 |             346 |  346 |      0 |    0 |    0 |   0 |  0 |    0 |   0 |       0 | design_1_i/rst_ps8_0_100M/U0/peripheral_aresetn[0]                       |
| g4        | 14    | BUFGCE/O        | None       |           0 |             326 |  326 |      0 |    0 |    0 |   0 |  0 |    0 |   0 |       0 | design_1_i/zcu104_5/inst/soc/bram/s_bramconfig_inst/slv_reg3_reg[0]_1[0] |
| g6        | 8     | BUFGCE/O        | None       |           0 |            3425 | 3425 |      0 |    0 |    0 |   0 |  0 |    0 |   0 |       0 | design_1_i/zcu104_7/inst/soc/bram/s_bramconfig_inst/slv_reg3_reg[0]_1[0] |
| g7        | 2     | BUFGCE/O        | None       |           0 |             706 |  706 |      0 |    0 |    0 |   0 |  0 |    0 |   0 |       0 | design_1_i/zcu104_8/inst/soc/bram/s_bramconfig_inst/slv_reg3_reg[0]_1[0] |
+-----------+-------+-----------------+------------+-------------+-----------------+------+--------+------+------+-----+----+------+-----+---------+--------------------------------------------------------------------------+
* Clock Loads column represents the clock pin loads (pin count)
** Non-Clock Loads column represents the non-clock pin loads (pin count)
*** Columns FF, LUTRAM, RAMB through 'Hard IP' represents load cell counts


22. Clock Region Cell Placement per Global Clock: Region X1Y3
-------------------------------------------------------------

+-----------+-------+-----------------+------------+-------------+-----------------+------+--------+------+------+-----+----+------+-----+---------+--------------------------------------------------------------------------+
| Global Id | Track | Driver Type/Pin | Constraint | Clock Loads | Non-Clock Loads | FF   | LUTRAM | RAMB | URAM | DSP | GT | MMCM | PLL | Hard IP | Net                                                                      |
+-----------+-------+-----------------+------------+-------------+-----------------+------+--------+------+------+-----+----+------+-----+---------+--------------------------------------------------------------------------+
| g0        | 23    | BUFG_PS/O       | None       |        2914 |               0 | 2910 |      0 |    4 |    0 |   0 |  0 |    0 |   0 |       0 | design_1_i/zynq_ultra_ps_e_0/inst/pl_clk0                                |
| g1        | 1     | BUFGCE/O        | None       |           0 |              90 |   90 |      0 |    0 |    0 |   0 |  0 |    0 |   0 |       0 | design_1_i/rst_ps8_0_100M/U0/peripheral_aresetn[0]                       |
| g2        | 0     | BUFGCE/O        | None       |           0 |            1035 | 1035 |      0 |    0 |    0 |   0 |  0 |    0 |   0 |       0 | design_1_i/zcu104_2/inst/soc/bram/s_bramconfig_inst/slv_reg3_reg[0]_1[0] |
| g3        | 2     | BUFGCE/O        | None       |           0 |               8 |    8 |      0 |    0 |    0 |   0 |  0 |    0 |   0 |       0 | design_1_i/zcu104_4/inst/soc/bram/s_bramconfig_inst/slv_reg3_reg[0]_1[0] |
| g4        | 14    | BUFGCE/O        | None       |           0 |             461 |  461 |      0 |    0 |    0 |   0 |  0 |    0 |   0 |       0 | design_1_i/zcu104_5/inst/soc/bram/s_bramconfig_inst/slv_reg3_reg[0]_1[0] |
+-----------+-------+-----------------+------------+-------------+-----------------+------+--------+------+------+-----+----+------+-----+---------+--------------------------------------------------------------------------+
* Clock Loads column represents the clock pin loads (pin count)
** Non-Clock Loads column represents the non-clock pin loads (pin count)
*** Columns FF, LUTRAM, RAMB through 'Hard IP' represents load cell counts


23. Clock Region Cell Placement per Global Clock: Region X2Y3
-------------------------------------------------------------

+-----------+-------+-----------------+------------+-------------+-----------------+------+--------+------+------+-----+----+------+-----+---------+--------------------------------------------------------------------------+
| Global Id | Track | Driver Type/Pin | Constraint | Clock Loads | Non-Clock Loads | FF   | LUTRAM | RAMB | URAM | DSP | GT | MMCM | PLL | Hard IP | Net                                                                      |
+-----------+-------+-----------------+------------+-------------+-----------------+------+--------+------+------+-----+----+------+-----+---------+--------------------------------------------------------------------------+
| g0        | 23    | BUFG_PS/O       | None       |        8025 |               0 | 8021 |      0 |    4 |    0 |   0 |  0 |    0 |   0 |       0 | design_1_i/zynq_ultra_ps_e_0/inst/pl_clk0                                |
| g1        | 1     | BUFGCE/O        | None       |           0 |               9 |    9 |      0 |    0 |    0 |   0 |  0 |    0 |   0 |       0 | design_1_i/rst_ps8_0_100M/U0/peripheral_aresetn[0]                       |
| g2        | 0     | BUFGCE/O        | None       |           0 |            2851 | 2851 |      0 |    0 |    0 |   0 |  0 |    0 |   0 |       0 | design_1_i/zcu104_2/inst/soc/bram/s_bramconfig_inst/slv_reg3_reg[0]_1[0] |
| g3        | 2     | BUFGCE/O        | None       |           0 |             618 |  618 |      0 |    0 |    0 |   0 |  0 |    0 |   0 |       0 | design_1_i/zcu104_4/inst/soc/bram/s_bramconfig_inst/slv_reg3_reg[0]_1[0] |
| g4        | 14    | BUFGCE/O        | None       |           0 |            2766 | 2766 |      0 |    0 |    0 |   0 |  0 |    0 |   0 |       0 | design_1_i/zcu104_5/inst/soc/bram/s_bramconfig_inst/slv_reg3_reg[0]_1[0] |
| g6        | 8     | BUFGCE/O        | None       |           0 |             878 |  878 |      0 |    0 |    0 |   0 |  0 |    0 |   0 |       0 | design_1_i/zcu104_7/inst/soc/bram/s_bramconfig_inst/slv_reg3_reg[0]_1[0] |
+-----------+-------+-----------------+------------+-------------+-----------------+------+--------+------+------+-----+----+------+-----+---------+--------------------------------------------------------------------------+
* Clock Loads column represents the clock pin loads (pin count)
** Non-Clock Loads column represents the non-clock pin loads (pin count)
*** Columns FF, LUTRAM, RAMB through 'Hard IP' represents load cell counts


24. Clock Region Cell Placement per Global Clock: Region X3Y3
-------------------------------------------------------------

+-----------+-------+-----------------+------------+-------------+-----------------+------+--------+------+------+-----+----+------+-----+---------+--------------------------------------------------------------------------+
| Global Id | Track | Driver Type/Pin | Constraint | Clock Loads | Non-Clock Loads | FF   | LUTRAM | RAMB | URAM | DSP | GT | MMCM | PLL | Hard IP | Net                                                                      |
+-----------+-------+-----------------+------------+-------------+-----------------+------+--------+------+------+-----+----+------+-----+---------+--------------------------------------------------------------------------+
| g0        | 23    | BUFG_PS/O       | None       |        4531 |               0 | 4521 |      0 |   10 |    0 |   0 |  0 |    0 |   0 |       0 | design_1_i/zynq_ultra_ps_e_0/inst/pl_clk0                                |
| g1        | 1     | BUFGCE/O        | None       |           0 |             255 |  255 |      0 |    0 |    0 |   0 |  0 |    0 |   0 |       0 | design_1_i/rst_ps8_0_100M/U0/peripheral_aresetn[0]                       |
| g3        | 2     | BUFGCE/O        | None       |           0 |             870 |  870 |      0 |    0 |    0 |   0 |  0 |    0 |   0 |       0 | design_1_i/zcu104_4/inst/soc/bram/s_bramconfig_inst/slv_reg3_reg[0]_1[0] |
| g4        | 14    | BUFGCE/O        | None       |           0 |               8 |    8 |      0 |    0 |    0 |   0 |  0 |    0 |   0 |       0 | design_1_i/zcu104_5/inst/soc/bram/s_bramconfig_inst/slv_reg3_reg[0]_1[0] |
| g6        | 8     | BUFGCE/O        | None       |           0 |            2912 | 2912 |      0 |    0 |    0 |   0 |  0 |    0 |   0 |       0 | design_1_i/zcu104_7/inst/soc/bram/s_bramconfig_inst/slv_reg3_reg[0]_1[0] |
+-----------+-------+-----------------+------------+-------------+-----------------+------+--------+------+------+-----+----+------+-----+---------+--------------------------------------------------------------------------+
* Clock Loads column represents the clock pin loads (pin count)
** Non-Clock Loads column represents the non-clock pin loads (pin count)
*** Columns FF, LUTRAM, RAMB through 'Hard IP' represents load cell counts


25. Clock Region Cell Placement per Global Clock: Region X0Y4
-------------------------------------------------------------

+-----------+-------+-----------------+------------+-------------+-----------------+------+--------+------+------+-----+----+------+-----+---------+----------------------------------------------------+
| Global Id | Track | Driver Type/Pin | Constraint | Clock Loads | Non-Clock Loads | FF   | LUTRAM | RAMB | URAM | DSP | GT | MMCM | PLL | Hard IP | Net                                                |
+-----------+-------+-----------------+------------+-------------+-----------------+------+--------+------+------+-----+----+------+-----+---------+----------------------------------------------------+
| g0        | 23    | BUFG_PS/O       | None       |        4315 |               0 | 4306 |      1 |    8 |    0 |   0 |  0 |    0 |   0 |       0 | design_1_i/zynq_ultra_ps_e_0/inst/pl_clk0          |
| g1        | 1     | BUFGCE/O        | None       |           0 |              84 |   84 |      0 |    0 |    0 |   0 |  0 |    0 |   0 |       0 | design_1_i/rst_ps8_0_100M/U0/peripheral_aresetn[0] |
+-----------+-------+-----------------+------------+-------------+-----------------+------+--------+------+------+-----+----+------+-----+---------+----------------------------------------------------+
* Clock Loads column represents the clock pin loads (pin count)
** Non-Clock Loads column represents the non-clock pin loads (pin count)
*** Columns FF, LUTRAM, RAMB through 'Hard IP' represents load cell counts


26. Clock Region Cell Placement per Global Clock: Region X1Y4
-------------------------------------------------------------

+-----------+-------+-----------------+------------+-------------+-----------------+------+--------+------+------+-----+----+------+-----+---------+--------------------------------------------------------------------------+
| Global Id | Track | Driver Type/Pin | Constraint | Clock Loads | Non-Clock Loads | FF   | LUTRAM | RAMB | URAM | DSP | GT | MMCM | PLL | Hard IP | Net                                                                      |
+-----------+-------+-----------------+------------+-------------+-----------------+------+--------+------+------+-----+----+------+-----+---------+--------------------------------------------------------------------------+
| g0        | 23    | BUFG_PS/O       | None       |        8466 |               0 | 8460 |      0 |    6 |    0 |   0 |  0 |    0 |   0 |       0 | design_1_i/zynq_ultra_ps_e_0/inst/pl_clk0                                |
| g1        | 1     | BUFGCE/O        | None       |           0 |              69 |   69 |      0 |    0 |    0 |   0 |  0 |    0 |   0 |       0 | design_1_i/rst_ps8_0_100M/U0/peripheral_aresetn[0]                       |
| g2        | 0     | BUFGCE/O        | None       |           0 |              57 |   57 |      0 |    0 |    0 |   0 |  0 |    0 |   0 |       0 | design_1_i/zcu104_2/inst/soc/bram/s_bramconfig_inst/slv_reg3_reg[0]_1[0] |
| g3        | 2     | BUFGCE/O        | None       |           0 |             216 |  216 |      0 |    0 |    0 |   0 |  0 |    0 |   0 |       0 | design_1_i/zcu104_4/inst/soc/bram/s_bramconfig_inst/slv_reg3_reg[0]_1[0] |
+-----------+-------+-----------------+------------+-------------+-----------------+------+--------+------+------+-----+----+------+-----+---------+--------------------------------------------------------------------------+
* Clock Loads column represents the clock pin loads (pin count)
** Non-Clock Loads column represents the non-clock pin loads (pin count)
*** Columns FF, LUTRAM, RAMB through 'Hard IP' represents load cell counts


27. Clock Region Cell Placement per Global Clock: Region X2Y4
-------------------------------------------------------------

+-----------+-------+-----------------+------------+-------------+-----------------+------+--------+------+------+-----+----+------+-----+---------+--------------------------------------------------------------------------+
| Global Id | Track | Driver Type/Pin | Constraint | Clock Loads | Non-Clock Loads | FF   | LUTRAM | RAMB | URAM | DSP | GT | MMCM | PLL | Hard IP | Net                                                                      |
+-----------+-------+-----------------+------------+-------------+-----------------+------+--------+------+------+-----+----+------+-----+---------+--------------------------------------------------------------------------+
| g0        | 23    | BUFG_PS/O       | None       |        7373 |               0 | 7365 |      0 |    6 |    0 |   2 |  0 |    0 |   0 |       0 | design_1_i/zynq_ultra_ps_e_0/inst/pl_clk0                                |
| g1        | 1     | BUFGCE/O        | None       |           0 |              14 |   14 |      0 |    0 |    0 |   0 |  0 |    0 |   0 |       0 | design_1_i/rst_ps8_0_100M/U0/peripheral_aresetn[0]                       |
| g2        | 0     | BUFGCE/O        | None       |           0 |            2366 | 2366 |      0 |    0 |    0 |   0 |  0 |    0 |   0 |       0 | design_1_i/zcu104_2/inst/soc/bram/s_bramconfig_inst/slv_reg3_reg[0]_1[0] |
| g3        | 2     | BUFGCE/O        | None       |           0 |            4089 | 4089 |      0 |    0 |    0 |   0 |  0 |    0 |   0 |       0 | design_1_i/zcu104_4/inst/soc/bram/s_bramconfig_inst/slv_reg3_reg[0]_1[0] |
| g4        | 14    | BUFGCE/O        | None       |           0 |              52 |   52 |      0 |    0 |    0 |   0 |  0 |    0 |   0 |       0 | design_1_i/zcu104_5/inst/soc/bram/s_bramconfig_inst/slv_reg3_reg[0]_1[0] |
| g5        | 20    | BUFGCE/O        | None       |           0 |              40 |   40 |      0 |    0 |    0 |   0 |  0 |    0 |   0 |       0 | design_1_i/zcu104_6/inst/soc/bram/s_bramconfig_inst/slv_reg3_reg[0]_1[0] |
| g6+       | 8     | BUFGCE/O        | None       |           0 |               0 |    0 |      0 |    0 |    0 |   0 |  0 |    0 |   0 |       0 | design_1_i/zcu104_7/inst/soc/bram/s_bramconfig_inst/slv_reg3_reg[0]_1[0] |
+-----------+-------+-----------------+------------+-------------+-----------------+------+--------+------+------+-----+----+------+-----+---------+--------------------------------------------------------------------------+
* Clock Loads column represents the clock pin loads (pin count)
** Non-Clock Loads column represents the non-clock pin loads (pin count)
*** Columns FF, LUTRAM, RAMB through 'Hard IP' represents load cell counts
**** In Global Id column, sympbol '+' indicates that global clock was used only to route through the clock region.


28. Clock Region Cell Placement per Global Clock: Region X3Y4
-------------------------------------------------------------

+-----------+-------+-----------------+------------+-------------+-----------------+------+--------+------+------+-----+----+------+-----+---------+--------------------------------------------------------------------------+
| Global Id | Track | Driver Type/Pin | Constraint | Clock Loads | Non-Clock Loads | FF   | LUTRAM | RAMB | URAM | DSP | GT | MMCM | PLL | Hard IP | Net                                                                      |
+-----------+-------+-----------------+------------+-------------+-----------------+------+--------+------+------+-----+----+------+-----+---------+--------------------------------------------------------------------------+
| g0        | 23    | BUFG_PS/O       | None       |        5255 |               0 | 5245 |      0 |   10 |    0 |   0 |  0 |    0 |   0 |       0 | design_1_i/zynq_ultra_ps_e_0/inst/pl_clk0                                |
| g1        | 1     | BUFGCE/O        | None       |           0 |             330 |  330 |      0 |    0 |    0 |   0 |  0 |    0 |   0 |       0 | design_1_i/rst_ps8_0_100M/U0/peripheral_aresetn[0]                       |
| g3        | 2     | BUFGCE/O        | None       |           0 |            3370 | 3370 |      0 |    0 |    0 |   0 |  0 |    0 |   0 |       0 | design_1_i/zcu104_4/inst/soc/bram/s_bramconfig_inst/slv_reg3_reg[0]_1[0] |
| g5        | 20    | BUFGCE/O        | None       |           0 |             890 |  890 |      0 |    0 |    0 |   0 |  0 |    0 |   0 |       0 | design_1_i/zcu104_6/inst/soc/bram/s_bramconfig_inst/slv_reg3_reg[0]_1[0] |
| g6        | 8     | BUFGCE/O        | None       |           0 |             259 |  259 |      0 |    0 |    0 |   0 |  0 |    0 |   0 |       0 | design_1_i/zcu104_7/inst/soc/bram/s_bramconfig_inst/slv_reg3_reg[0]_1[0] |
+-----------+-------+-----------------+------------+-------------+-----------------+------+--------+------+------+-----+----+------+-----+---------+--------------------------------------------------------------------------+
* Clock Loads column represents the clock pin loads (pin count)
** Non-Clock Loads column represents the non-clock pin loads (pin count)
*** Columns FF, LUTRAM, RAMB through 'Hard IP' represents load cell counts


29. Clock Region Cell Placement per Global Clock: Region X0Y5
-------------------------------------------------------------

+-----------+-------+-----------------+------------+-------------+-----------------+------+--------+------+------+-----+----+------+-----+---------+----------------------------------------------------+
| Global Id | Track | Driver Type/Pin | Constraint | Clock Loads | Non-Clock Loads | FF   | LUTRAM | RAMB | URAM | DSP | GT | MMCM | PLL | Hard IP | Net                                                |
+-----------+-------+-----------------+------------+-------------+-----------------+------+--------+------+------+-----+----+------+-----+---------+----------------------------------------------------+
| g0        | 23    | BUFG_PS/O       | None       |        2699 |               0 | 2691 |      0 |    8 |    0 |   0 |  0 |    0 |   0 |       0 | design_1_i/zynq_ultra_ps_e_0/inst/pl_clk0          |
| g1        | 1     | BUFGCE/O        | None       |           0 |              80 |   80 |      0 |    0 |    0 |   0 |  0 |    0 |   0 |       0 | design_1_i/rst_ps8_0_100M/U0/peripheral_aresetn[0] |
+-----------+-------+-----------------+------------+-------------+-----------------+------+--------+------+------+-----+----+------+-----+---------+----------------------------------------------------+
* Clock Loads column represents the clock pin loads (pin count)
** Non-Clock Loads column represents the non-clock pin loads (pin count)
*** Columns FF, LUTRAM, RAMB through 'Hard IP' represents load cell counts


30. Clock Region Cell Placement per Global Clock: Region X1Y5
-------------------------------------------------------------

+-----------+-------+-----------------+------------+-------------+-----------------+------+--------+------+------+-----+----+------+-----+---------+----------------------------------------------------+
| Global Id | Track | Driver Type/Pin | Constraint | Clock Loads | Non-Clock Loads | FF   | LUTRAM | RAMB | URAM | DSP | GT | MMCM | PLL | Hard IP | Net                                                |
+-----------+-------+-----------------+------------+-------------+-----------------+------+--------+------+------+-----+----+------+-----+---------+----------------------------------------------------+
| g0        | 23    | BUFG_PS/O       | None       |        6808 |               0 | 6796 |      0 |   10 |    0 |   2 |  0 |    0 |   0 |       0 | design_1_i/zynq_ultra_ps_e_0/inst/pl_clk0          |
| g1        | 1     | BUFGCE/O        | None       |           0 |              36 |   36 |      0 |    0 |    0 |   0 |  0 |    0 |   0 |       0 | design_1_i/rst_ps8_0_100M/U0/peripheral_aresetn[0] |
+-----------+-------+-----------------+------------+-------------+-----------------+------+--------+------+------+-----+----+------+-----+---------+----------------------------------------------------+
* Clock Loads column represents the clock pin loads (pin count)
** Non-Clock Loads column represents the non-clock pin loads (pin count)
*** Columns FF, LUTRAM, RAMB through 'Hard IP' represents load cell counts


31. Clock Region Cell Placement per Global Clock: Region X2Y5
-------------------------------------------------------------

+-----------+-------+-----------------+------------+-------------+-----------------+------+--------+------+------+-----+----+------+-----+---------+--------------------------------------------------------------------------+
| Global Id | Track | Driver Type/Pin | Constraint | Clock Loads | Non-Clock Loads | FF   | LUTRAM | RAMB | URAM | DSP | GT | MMCM | PLL | Hard IP | Net                                                                      |
+-----------+-------+-----------------+------------+-------------+-----------------+------+--------+------+------+-----+----+------+-----+---------+--------------------------------------------------------------------------+
| g0        | 23    | BUFG_PS/O       | None       |        3578 |               0 | 3578 |      0 |    0 |    0 |   0 |  0 |    0 |   0 |       0 | design_1_i/zynq_ultra_ps_e_0/inst/pl_clk0                                |
| g3        | 2     | BUFGCE/O        | None       |           0 |             104 |  104 |      0 |    0 |    0 |   0 |  0 |    0 |   0 |       0 | design_1_i/zcu104_4/inst/soc/bram/s_bramconfig_inst/slv_reg3_reg[0]_1[0] |
| g5        | 20    | BUFGCE/O        | None       |           0 |            2225 | 2225 |      0 |    0 |    0 |   0 |  0 |    0 |   0 |       0 | design_1_i/zcu104_6/inst/soc/bram/s_bramconfig_inst/slv_reg3_reg[0]_1[0] |
+-----------+-------+-----------------+------------+-------------+-----------------+------+--------+------+------+-----+----+------+-----+---------+--------------------------------------------------------------------------+
* Clock Loads column represents the clock pin loads (pin count)
** Non-Clock Loads column represents the non-clock pin loads (pin count)
*** Columns FF, LUTRAM, RAMB through 'Hard IP' represents load cell counts


32. Clock Region Cell Placement per Global Clock: Region X3Y5
-------------------------------------------------------------

+-----------+-------+-----------------+------------+-------------+-----------------+------+--------+------+------+-----+----+------+-----+---------+--------------------------------------------------------------------------+
| Global Id | Track | Driver Type/Pin | Constraint | Clock Loads | Non-Clock Loads | FF   | LUTRAM | RAMB | URAM | DSP | GT | MMCM | PLL | Hard IP | Net                                                                      |
+-----------+-------+-----------------+------------+-------------+-----------------+------+--------+------+------+-----+----+------+-----+---------+--------------------------------------------------------------------------+
| g0        | 23    | BUFG_PS/O       | None       |        3743 |               0 | 3735 |      0 |    6 |    0 |   2 |  0 |    0 |   0 |       0 | design_1_i/zynq_ultra_ps_e_0/inst/pl_clk0                                |
| g5        | 20    | BUFGCE/O        | None       |           0 |            3154 | 3154 |      0 |    0 |    0 |   0 |  0 |    0 |   0 |       0 | design_1_i/zcu104_6/inst/soc/bram/s_bramconfig_inst/slv_reg3_reg[0]_1[0] |
+-----------+-------+-----------------+------------+-------------+-----------------+------+--------+------+------+-----+----+------+-----+---------+--------------------------------------------------------------------------+
* Clock Loads column represents the clock pin loads (pin count)
** Non-Clock Loads column represents the non-clock pin loads (pin count)
*** Columns FF, LUTRAM, RAMB through 'Hard IP' represents load cell counts


