15:33:15 **** Build of configuration Debug for project teste_firmware_riscv ****
make all 
'Building file: ../src/helloworld.c'
'Invoking: ARM v8 gcc compiler'
aarch64-none-elf-gcc -Wall -O0 -g3 -c -fmessage-length=0 -MT"src/helloworld.o" -I../../teste_firmware_riscv_bsp/psu_cortexa53_0/include -MMD -MP -MF"src/helloworld.d" -MT"src/helloworld.o" -o "src/helloworld.o" "../src/helloworld.c"
../src/helloworld.c:68:13: warning: initialization of 'uint32_t *' {aka 'unsigned int *'} from incompatible pointer type 'uint64_t *' {aka 'long unsigned int *'} [-Wincompatible-pointer-types]
 uint32_t* t=&j+4;
             ^
../src/helloworld.c: In function 'print_read_message':
../src/helloworld.c:263:11: warning: format '%lu' expects argument of type 'long unsigned int', but argument 2 has type 'uint32_t' {aka 'volatile unsigned int'} [-Wformat=]
 printf("%lu\n",read_message.pixelValue);
         ~~^    ~~~~~~~~~~~~~~~~~~~~~~~
         %u
'Finished building: ../src/helloworld.c'
' '
'Building file: ../src/platform.c'
'Invoking: ARM v8 gcc compiler'
aarch64-none-elf-gcc -Wall -O0 -g3 -c -fmessage-length=0 -MT"src/platform.o" -I../../teste_firmware_riscv_bsp/psu_cortexa53_0/include -MMD -MP -MF"src/platform.d" -MT"src/platform.o" -o "src/platform.o" "../src/platform.c"
'Finished building: ../src/platform.c'
' '
'Building target: teste_firmware_riscv.elf'
'Invoking: ARM v8 gcc linker'
aarch64-none-elf-gcc -Wl,-T -Wl,../src/lscript.ld -L../../teste_firmware_riscv_bsp/psu_cortexa53_0/lib -o "teste_firmware_riscv.elf"  ./src/helloworld.o ./src/platform.o   -Wl,--start-group,-lxil,-lgcc,-lc,--end-group
'Finished building target: teste_firmware_riscv.elf'
' '
'Invoking: ARM v8 Print Size'
aarch64-none-elf-size teste_firmware_riscv.elf  |tee "teste_firmware_riscv.elf.size"
   text	   data	    bss	    dec	    hex	filename
  74232	   4568	  20776	  99576	  184f8	teste_firmware_riscv.elf
'Finished building: teste_firmware_riscv.elf.size'
' '

15:33:16 Build Finished (took 1s.47ms)

